// Vitest Snapshot v1, https://vitest.dev/guide/snapshot.html

exports[`utils (Windows) > test hash object > hash object 1`] = `"c710e218177ae3b76ac1b058d43fbd56c3dc71b48709dc15326862a75b0beec2"`;
